Selected 8 lemmas for analysis.

--- Representation Lengths (Characters) ---
format_A: Mean=355.8, Median=353.5, Min=339, Max=382
format_B: Mean=112.0, Median=114.0, Min=88, Max=131
format_C: Mean=569.5, Median=565.0, Min=537, Max=617

Generating Voyage embeddings...
Embeddings generated. Computing similarities...

================================================================================
Query ID   | Type            | Format     | Target Sim | Target Rank  | Top 1 Sim  | SNR   
================================================================================
Q1         | Natural Language | format_A   | 0.6877     | 1            | 0.6877    | 1.28
Q1         | Natural Language | format_B   | 0.6879     | 1            | 0.6879    | 1.39
Q1         | Natural Language | format_C   | 0.6467     | 1            | 0.6467    | 1.28
--------------------------------------------------------------------------------
Q2         | Code Subgoal    | format_A   | 0.6908     | 1            | 0.6908    | 1.54
Q2         | Code Subgoal    | format_B   | 0.7105     | 1            | 0.7105    | 1.60
Q2         | Code Subgoal    | format_C   | 0.6490     | 1            | 0.6490    | 1.51
--------------------------------------------------------------------------------
Q3         | Natural Language | format_A   | 0.5995     | 1            | 0.5995    | 1.29
Q3         | Natural Language | format_B   | 0.6301     | 1            | 0.6301    | 1.40
Q3         | Natural Language | format_C   | 0.6047     | 1            | 0.6047    | 1.34
--------------------------------------------------------------------------------
Q4         | Code Subgoal    | format_A   | 0.5518     | 1            | 0.5518    | 1.25
Q4         | Code Subgoal    | format_B   | 0.5274     | 1            | 0.5274    | 1.25
Q4         | Code Subgoal    | format_C   | 0.5123     | 1            | 0.5123    | 1.32
--------------------------------------------------------------------------------
Q5         | Natural Language | format_A   | 0.6877     | 1            | 0.6877    | 1.40
Q5         | Natural Language | format_B   | 0.6958     | 1            | 0.6958    | 1.52
Q5         | Natural Language | format_C   | 0.6760     | 1            | 0.6760    | 1.43
--------------------------------------------------------------------------------
Q6         | Code Subgoal    | format_A   | 0.6620     | 1            | 0.6620    | 1.59
Q6         | Code Subgoal    | format_B   | 0.6509     | 1            | 0.6509    | 1.62
Q6         | Code Subgoal    | format_C   | 0.6179     | 1            | 0.6179    | 1.63
--------------------------------------------------------------------------------

=== Aggregate Metrics across all queries ===

Format A:
  Mean Target Similarity:      0.6466
  Mean Non-Target Similarity:  0.4663 (Lower = less noise/higher contrast)
  Mean Target Rank:            1.00 (Lower is better)
  Rank-1 Retrieval Accuracy:   100.0%
  Signal-to-Noise Ratio (SNR): 1.393 (Higher is better)

Format B:
  Mean Target Similarity:      0.6504
  Mean Non-Target Similarity:  0.4451 (Lower = less noise/higher contrast)
  Mean Target Rank:            1.00 (Lower is better)
  Rank-1 Retrieval Accuracy:   100.0%
  Signal-to-Noise Ratio (SNR): 1.463 (Higher is better)

Format C:
  Mean Target Similarity:      0.6178
  Mean Non-Target Similarity:  0.4373 (Lower = less noise/higher contrast)
  Mean Target Rank:            1.00 (Lower is better)
  Rank-1 Retrieval Accuracy:   100.0%
  Signal-to-Noise Ratio (SNR): 1.420 (Higher is better)

Detailed experimental results saved to: /home/correia/edel/scratch/embedding_experiment_results.json
